{"topicSlug":"automata","topicTitle":"Automata","topicDescription":"Finite-state machines.","topicTags":[],"level":2,"questionNumber":1,"questionType":"mcq","recentAcceptedQuestions":[],"instructions":["Generate exactly one question for the questionType.","Avoid repeats or close paraphrases in recentAcceptedQuestions.","Use recentAcceptedQuestions targetConcepts to vary focus.","Use short option IDs such as o1, o2, and o3 for MCQ questions."]}
