{"topicSlug":"automata","topicTitle":"Automata","topicDescription":"Finite-state machines.","topicTags":[],"level":2,"questionNumber":3,"questionType":"mcq","recentAcceptedQuestions":[],"rejectedQuestion":{"id":"automata-l2-q2","type":"mcq","prompt":"Old?","targetConcepts":[],"feedback":{"correct":"","incorrect":""},"rubrics":{"keyPoints":[],"misconceptions":[]}},"rejectionReason":"Too similar","instructions":["Generate exactly one question for the questionType.","Avoid repeats or close paraphrases in recentAcceptedQuestions.","Use recentAcceptedQuestions targetConcepts to vary focus.","Use short option IDs such as o1, o2, and o3 for MCQ questions.","Use rejectedQuestion and rejectionReason to avoid the same issue."]}
