{"type":"json_schema","json_schema":{"name":"written_answer_evaluations","description":"Evaluation results for submitted written answers.","strict":true,"schema":{"additionalProperties":false,"properties":{"evaluations":{"items":{"additionalProperties":false,"properties":{"correctAnswer":{"type":"string"},"feedback":{"type":"string"},"questionId":{"type":"string"},"score":{"maximum":1,"minimum":0,"type":"number"},"strengths":{"items":{"type":"string"},"type":"array"},"weaknesses":{"items":{"type":"string"},"type":"array"}},"required":["questionId","score","correctAnswer","feedback","strengths","weaknesses"],"type":"object"},"type":"array"}},"required":["evaluations"],"type":"object"}}}
